// Jest Snapshot v1, https://goo.gl/fbAQLP

exports[`DashboardEvent renders messages correctly 1`] = `
<div
  className="css-6k3zio"
>
  <a
    href="/#link"
    onClick={[Function]}
    onMouseEnter={[Function]}
  >
    <h3
      className="css-1rzmm22"
    >
      the title
    </h3>
  </a>
  <h4
    className="css-1e7emdq"
  >
    October 23, 2018
  </h4>
  <p />
</div>
`;

exports[`DashboardMessage renders messages correctly 1`] = `
<div
  className="css-6k3zio"
>
  <button
    className="css-1c6yazm"
    onClick={[Function]}
  >
    ×
    <div
      className="css-1p349jc"
    >
      Archive message
    </div>
  </button>
  <h3
    className="css-tnh6dy"
  >
    the title
  </h3>
  <p>
    message
  </p>
</div>
`;
